// Jest Snapshot v1, https://goo.gl/fbAQLP

exports[`should match snapshot 1`] = `
Object {
  "error": undefined,
  "loading": false,
  "networkStatus": 7,
  "node": Object {
    "__typename": "Source",
    "cron": "Source.cron.1",
    "enabled": false,
    "harvestMode": "allAtOnce",
    "id": "Source.id.1",
    "name": "Source.name.1",
    "regions": Object {
      "__typename": "SourceRegionConnection",
      "nodes": Array [
        Object {
          "__typename": "Region",
          "id": "Region.id.1",
          "name": "Region.name.1",
        },
        Object {
          "__typename": "Region",
          "id": "Region.id.2",
          "name": "Region.name.2",
        },
      ],
    },
    "script": "Source.script.1",
    "termsOfUse": "Source.termsOfUse.1",
    "url": "Source.url.1",
  },
  "refetch": [Function],
}
`;
