// Jest Snapshot v1, https://goo.gl/fbAQLP

exports[`should match snapshot 1`] = `
Object {
  "count": -413,
  "error": undefined,
  "fetchMore": [Function],
  "loading": false,
  "networkStatus": 7,
  "nodes": Array [
    Object {
      "__typename": "Source",
      "cron": "Porro delectus et",
      "enabled": false,
      "gauges": Object {
        "__typename": "SourceGaugeConnection",
        "count": -373,
        Symbol(id): "$Source:7fbe024f-3316-4265-a6e8-c65a837e308a:Esse blanditiis natus.gauges",
      },
      "harvestMode": "oneByOne",
      "id": "7fbe024f-3316-4265-a6e8-c65a837e308a",
      "language": "Esse blanditiis natus",
      "name": "Qui itaque",
      "status": Object {
        "__typename": "HarvestStatus",
        "count": 385,
        "success": true,
        "timestamp": 2017-01-31T21:00:00.000Z,
        Symbol(id): "$Source:7fbe024f-3316-4265-a6e8-c65a837e308a:Esse blanditiis natus.status",
      },
      Symbol(id): "Source:7fbe024f-3316-4265-a6e8-c65a837e308a:Esse blanditiis natus",
    },
    Object {
      "__typename": "Source",
      "cron": "Architecto ducimus",
      "enabled": true,
      "gauges": Object {
        "__typename": "SourceGaugeConnection",
        "count": -62,
        Symbol(id): "$Source:9eded1d0-520e-4a19-9af6-93b452acd600:Fuga maiores distinctio.gauges",
      },
      "harvestMode": "allAtOnce",
      "id": "9eded1d0-520e-4a19-9af6-93b452acd600",
      "language": "Fuga maiores distinctio",
      "name": "Ullam veniam ducimus",
      "status": Object {
        "__typename": "HarvestStatus",
        "count": -808,
        "success": false,
        "timestamp": 2017-01-31T21:00:00.000Z,
        Symbol(id): "$Source:9eded1d0-520e-4a19-9af6-93b452acd600:Fuga maiores distinctio.status",
      },
      Symbol(id): "Source:9eded1d0-520e-4a19-9af6-93b452acd600:Fuga maiores distinctio",
    },
  ],
  "refetch": [Function],
}
`;
