// Jest Snapshot v1, https://goo.gl/fbAQLP

exports[`should be invalid for bad email 1`] = `
{
  "email": {
    "key": "yup:string.email",
    "options": {
      "path": "email",
    },
  },
}
`;

exports[`should be invalid for empty name 1`] = `
{
  "name": {
    "key": "yup:string.min",
    "options": {
      "min": 1,
      "path": "name",
    },
  },
}
`;

exports[`should be invalid for extra fields 1`] = `
{
  "": {
    "key": "yup:object.noUnknown",
    "options": {
      "path": "this",
    },
  },
}
`;
