// Jest Snapshot v1, https://goo.gl/fbAQLP

exports[`should match snapshot 1`] = `
Object {
  "bounds": null,
  "description": "foo",
  "hidden": false,
  "id": null,
  "name": "aa",
  "pois": Array [],
  "season": null,
  "seasonNumeric": Array [],
}
`;
