// Jest Snapshot v1, https://goo.gl/fbAQLP

exports[`sql should use correct query 1`] = `
update
    sources
set
    enabled = true
where
    id = '6d0d717e-aa9d-11e7-abc4-cec278b6b50a'
returning
    id,
    enabled

`;
