// Jest Snapshot v1, https://goo.gl/fbAQLP

exports[`should be invalid for bad name 1`] = `
{
  "name": {
    "key": "yup:string.min",
    "options": {
      "min": 2,
      "path": "name",
    },
  },
}
`;

exports[`should be invalid for bad slug 1`] = `
{
  "slug": "yup:string.slug",
}
`;

exports[`should be invalid for bad url 1`] = `
{
  "url": {
    "key": "yup:string.url",
    "options": {
      "path": "url",
    },
  },
}
`;

exports[`should be invalid for extra fields 1`] = `
{
  "": {
    "key": "yup:object.noUnknown",
    "options": {
      "path": "this",
    },
  },
}
`;
