// Jest Snapshot v1, https://goo.gl/fbAQLP

exports[`should return facebook user 1`] = `
Object {
  "accounts": Array [
    Object {
      "id": "__fb_admin_id__",
      "provider": "facebook",
    },
    Object {
      "id": "__apple_admin_id__",
      "provider": "apple",
    },
  ],
  "admin": true,
  "avatar": "https://ww.guide/pic.jpg",
  "createdAt": 2017-02-01T00:00:00.000Z,
  "editor": false,
  "editorSettings": null,
  "email": "kaospostage@gmail.com",
  "id": "bed59990-749d-11e7-8cf7-a6006ad3dba0",
  "imperial": false,
  "language": "en",
  "name": "Ivan Ivanov",
  "updatedAt": 2017-02-01T00:00:00.000Z,
  "verified": true,
}
`;

exports[`should return local user 1`] = `
Object {
  "accounts": Array [],
  "admin": false,
  "avatar": null,
  "createdAt": 2017-05-04T00:00:00.000Z,
  "editor": false,
  "editorSettings": null,
  "email": "konstantin@gmail.com",
  "id": "fa3ce7ba-36ab-11e8-b467-0ed5f89f718b",
  "imperial": false,
  "language": "ru",
  "name": "Another usr",
  "updatedAt": 2017-05-04T00:00:00.000Z,
  "verified": true,
}
`;
