// Jest Snapshot v1, https://goo.gl/fbAQLP

exports[`sql should use correct query 1`] = `
update
    gauges
set
    enabled = true
where
    id = 'aba8c106-aaa0-11e7-abc4-cec278b6b50a'
returning
    id,
    enabled

`;
