// Jest Snapshot v1, https://goo.gl/fbAQLP

exports[`insert should match snapshot 1`] = `
Object {
  "cron": null,
  "enabled": false,
  "harvestMode": "allAtOnce",
  "name": "New Source",
  "requestParams": Object {
    "foo": "bar",
  },
  "script": "newScript",
  "termsOfUse": null,
  "url": null,
}
`;

exports[`update should match snapshot 1`] = `
Object {
  "cron": "1 1 * * *",
  "enabled": false,
  "harvestMode": "oneByOne",
  "id": "6d0d717e-aa9d-11e7-abc4-cec278b6b50a",
  "name": "Updated source",
  "requestParams": Object {
    "foo": "bar",
  },
  "script": "updatedScript",
  "termsOfUse": "New terms of use",
  "url": "http://google.com",
}
`;
