// Jest Snapshot v1, https://goo.gl/fbAQLP

exports[`resolvers chain should throw on invalid input 1`] = `
Object {
  "0": Object {
    "message": "\\"id\\" with value \\"a b\\" fails to match the required pattern: /^[0-9a-zA-Z_\\\\-]{3,64}$/",
    "path": "tag.id",
  },
  "1": Object {
    "message": "\\"name\\" length must be at least 3 characters long",
    "path": "tag.name",
  },
}
`;
