// Jest Snapshot v1, https://goo.gl/fbAQLP

exports[`generic query should build basic query 1`] = `
select
    id,
    name,
    age
from
    test_table

`;
