// Jest Snapshot v1, https://goo.gl/fbAQLP

exports[`seed data should match schema 1`] = `
Object {
  "sections": Object {
    "__typename": "SectionsList",
    "count": 5,
    "nodes": Array [
      Object {
        "__typename": "Section",
        "altNames": Array [
          "Section.altNames.1",
          "Section.altNames.2",
        ],
        "demo": false,
        "difficulty": 1.5,
        "difficultyXtra": "Section.difficultyXtra.1",
        "distance": 1.5,
        "drop": 1.5,
        "duration": 1,
        "flows": Object {
          "__typename": "GaugeBinding",
          "approximate": true,
          "impossible": 2.5,
          "maximum": 2.5,
          "minimum": 2.5,
          "optimum": 2.5,
        },
        "flowsText": "Section.flowsText.1",
        "gauge": Object {
          "__typename": "Gauge",
          "code": "Gauge.code.1",
          "flowUnit": "Gauge.flowUnit.1",
          "id": "Gauge.id.1",
          "lastMeasurement": Object {
            "__typename": "Measurement",
            "flow": 1.5,
            "level": 1.5,
            "timestamp": 2017-02-01T21:00:00.000Z,
          },
          "levelUnit": "Gauge.levelUnit.1",
          "location": Object {
            "__typename": "Point",
            "coordinates": Array [
              5.5,
              6.5,
            ],
            "id": "Point.id.3",
            "kind": "Point.kind.3",
          },
          "name": "Gauge.name.1",
          "source": Object {
            "__typename": "Source",
            "id": "Source.id.1",
            "name": "Source.name.1",
            "termsOfUse": "Source.termsOfUse.1",
          },
          "url": "Gauge.url.1",
        },
        "hidden": false,
        "id": "Section.id.1",
        "levels": Object {
          "__typename": "GaugeBinding",
          "approximate": false,
          "impossible": 1.5,
          "maximum": 1.5,
          "minimum": 1.5,
          "optimum": 1.5,
        },
        "name": "Section.name.1",
        "putIn": Object {
          "__typename": "Point",
          "coordinates": Array [
            1.5,
            2.5,
          ],
          "id": "Point.id.1",
          "kind": "Point.kind.1",
        },
        "rating": 1.5,
        "river": Object {
          "__typename": "River",
          "altNames": Array [
            "River.altNames.1",
            "River.altNames.2",
          ],
          "id": "River.id.1",
          "name": "River.name.1",
        },
        "season": "Section.season.1",
        "seasonNumeric": Array [
          1,
          2,
        ],
        "shape": Array [
          Array [
            1.5,
            2.5,
          ],
          Array [
            3.5,
            4.5,
          ],
        ],
        "tags": Array [
          Object {
            "__typename": "Tag",
            "category": "hazards",
            "id": "Tag.id.1",
            "name": "Tag.name.1",
          },
          Object {
            "__typename": "Tag",
            "category": "supply",
            "id": "Tag.id.2",
            "name": "Tag.name.2",
          },
        ],
        "takeOut": Object {
          "__typename": "Point",
          "coordinates": Array [
            3.5,
            4.5,
          ],
          "id": "Point.id.2",
          "kind": "Point.kind.2",
        },
        "updatedAt": 2017-02-01T21:00:00.000Z,
      },
      Object {
        "__typename": "Section",
        "altNames": Array [
          "Section.altNames.3",
          "Section.altNames.4",
        ],
        "demo": true,
        "difficulty": 2.5,
        "difficultyXtra": "Section.difficultyXtra.2",
        "distance": 2.5,
        "drop": 2.5,
        "duration": 2,
        "flows": Object {
          "__typename": "GaugeBinding",
          "approximate": true,
          "impossible": 4.5,
          "maximum": 4.5,
          "minimum": 4.5,
          "optimum": 4.5,
        },
        "flowsText": "Section.flowsText.2",
        "gauge": Object {
          "__typename": "Gauge",
          "code": "Gauge.code.2",
          "flowUnit": "Gauge.flowUnit.2",
          "id": "Gauge.id.2",
          "lastMeasurement": Object {
            "__typename": "Measurement",
            "flow": 2.5,
            "level": 2.5,
            "timestamp": 2017-02-02T21:00:00.000Z,
          },
          "levelUnit": "Gauge.levelUnit.2",
          "location": Object {
            "__typename": "Point",
            "coordinates": Array [
              11.5,
              12.5,
            ],
            "id": "Point.id.6",
            "kind": "Point.kind.6",
          },
          "name": "Gauge.name.2",
          "source": Object {
            "__typename": "Source",
            "id": "Source.id.2",
            "name": "Source.name.2",
            "termsOfUse": "Source.termsOfUse.2",
          },
          "url": "Gauge.url.2",
        },
        "hidden": true,
        "id": "Section.id.2",
        "levels": Object {
          "__typename": "GaugeBinding",
          "approximate": false,
          "impossible": 3.5,
          "maximum": 3.5,
          "minimum": 3.5,
          "optimum": 3.5,
        },
        "name": "Section.name.2",
        "putIn": Object {
          "__typename": "Point",
          "coordinates": Array [
            7.5,
            8.5,
          ],
          "id": "Point.id.4",
          "kind": "Point.kind.4",
        },
        "rating": 2.5,
        "river": Object {
          "__typename": "River",
          "altNames": Array [
            "River.altNames.3",
            "River.altNames.4",
          ],
          "id": "River.id.2",
          "name": "River.name.2",
        },
        "season": "Section.season.2",
        "seasonNumeric": Array [
          3,
          4,
        ],
        "shape": Array [
          Array [
            5.5,
            6.5,
          ],
          Array [
            7.5,
            8.5,
          ],
        ],
        "tags": Array [
          Object {
            "__typename": "Tag",
            "category": "misc",
            "id": "Tag.id.3",
            "name": "Tag.name.3",
          },
          Object {
            "__typename": "Tag",
            "category": "kayaking",
            "id": "Tag.id.4",
            "name": "Tag.name.4",
          },
        ],
        "takeOut": Object {
          "__typename": "Point",
          "coordinates": Array [
            9.5,
            10.5,
          ],
          "id": "Point.id.5",
          "kind": "Point.kind.5",
        },
        "updatedAt": 2017-02-02T21:00:00.000Z,
      },
      Object {
        "__typename": "Section",
        "altNames": Array [
          "Section.altNames.5",
          "Section.altNames.6",
        ],
        "demo": false,
        "difficulty": 3.5,
        "difficultyXtra": "Section.difficultyXtra.3",
        "distance": 3.5,
        "drop": 3.5,
        "duration": 3,
        "flows": Object {
          "__typename": "GaugeBinding",
          "approximate": true,
          "impossible": 6.5,
          "maximum": 6.5,
          "minimum": 6.5,
          "optimum": 6.5,
        },
        "flowsText": "Section.flowsText.3",
        "gauge": Object {
          "__typename": "Gauge",
          "code": "Gauge.code.3",
          "flowUnit": "Gauge.flowUnit.3",
          "id": "Gauge.id.3",
          "lastMeasurement": Object {
            "__typename": "Measurement",
            "flow": 3.5,
            "level": 3.5,
            "timestamp": 2017-02-03T21:00:00.000Z,
          },
          "levelUnit": "Gauge.levelUnit.3",
          "location": Object {
            "__typename": "Point",
            "coordinates": Array [
              17.5,
              18.5,
            ],
            "id": "Point.id.9",
            "kind": "Point.kind.9",
          },
          "name": "Gauge.name.3",
          "source": Object {
            "__typename": "Source",
            "id": "Source.id.3",
            "name": "Source.name.3",
            "termsOfUse": "Source.termsOfUse.3",
          },
          "url": "Gauge.url.3",
        },
        "hidden": false,
        "id": "Section.id.3",
        "levels": Object {
          "__typename": "GaugeBinding",
          "approximate": false,
          "impossible": 5.5,
          "maximum": 5.5,
          "minimum": 5.5,
          "optimum": 5.5,
        },
        "name": "Section.name.3",
        "putIn": Object {
          "__typename": "Point",
          "coordinates": Array [
            13.5,
            14.5,
          ],
          "id": "Point.id.7",
          "kind": "Point.kind.7",
        },
        "rating": 3.5,
        "river": Object {
          "__typename": "River",
          "altNames": Array [
            "River.altNames.5",
            "River.altNames.6",
          ],
          "id": "River.id.3",
          "name": "River.name.3",
        },
        "season": "Section.season.3",
        "seasonNumeric": Array [
          5,
          6,
        ],
        "shape": Array [
          Array [
            9.5,
            10.5,
          ],
          Array [
            11.5,
            12.5,
          ],
        ],
        "tags": Array [
          Object {
            "__typename": "Tag",
            "category": "hazards",
            "id": "Tag.id.5",
            "name": "Tag.name.5",
          },
          Object {
            "__typename": "Tag",
            "category": "supply",
            "id": "Tag.id.6",
            "name": "Tag.name.6",
          },
        ],
        "takeOut": Object {
          "__typename": "Point",
          "coordinates": Array [
            15.5,
            16.5,
          ],
          "id": "Point.id.8",
          "kind": "Point.kind.8",
        },
        "updatedAt": 2017-02-03T21:00:00.000Z,
      },
      Object {
        "__typename": "Section",
        "altNames": Array [
          "Section.altNames.7",
          "Section.altNames.8",
        ],
        "demo": true,
        "difficulty": 4.5,
        "difficultyXtra": "Section.difficultyXtra.4",
        "distance": 4.5,
        "drop": 4.5,
        "duration": 4,
        "flows": Object {
          "__typename": "GaugeBinding",
          "approximate": true,
          "impossible": 8.5,
          "maximum": 8.5,
          "minimum": 8.5,
          "optimum": 8.5,
        },
        "flowsText": "Section.flowsText.4",
        "gauge": Object {
          "__typename": "Gauge",
          "code": "Gauge.code.4",
          "flowUnit": "Gauge.flowUnit.4",
          "id": "Gauge.id.4",
          "lastMeasurement": Object {
            "__typename": "Measurement",
            "flow": 4.5,
            "level": 4.5,
            "timestamp": 2017-02-04T21:00:00.000Z,
          },
          "levelUnit": "Gauge.levelUnit.4",
          "location": Object {
            "__typename": "Point",
            "coordinates": Array [
              23.5,
              24.5,
            ],
            "id": "Point.id.12",
            "kind": "Point.kind.12",
          },
          "name": "Gauge.name.4",
          "source": Object {
            "__typename": "Source",
            "id": "Source.id.4",
            "name": "Source.name.4",
            "termsOfUse": "Source.termsOfUse.4",
          },
          "url": "Gauge.url.4",
        },
        "hidden": true,
        "id": "Section.id.4",
        "levels": Object {
          "__typename": "GaugeBinding",
          "approximate": false,
          "impossible": 7.5,
          "maximum": 7.5,
          "minimum": 7.5,
          "optimum": 7.5,
        },
        "name": "Section.name.4",
        "putIn": Object {
          "__typename": "Point",
          "coordinates": Array [
            19.5,
            20.5,
          ],
          "id": "Point.id.10",
          "kind": "Point.kind.10",
        },
        "rating": 4.5,
        "river": Object {
          "__typename": "River",
          "altNames": Array [
            "River.altNames.7",
            "River.altNames.8",
          ],
          "id": "River.id.4",
          "name": "River.name.4",
        },
        "season": "Section.season.4",
        "seasonNumeric": Array [
          7,
          8,
        ],
        "shape": Array [
          Array [
            13.5,
            14.5,
          ],
          Array [
            15.5,
            16.5,
          ],
        ],
        "tags": Array [
          Object {
            "__typename": "Tag",
            "category": "misc",
            "id": "Tag.id.7",
            "name": "Tag.name.7",
          },
          Object {
            "__typename": "Tag",
            "category": "kayaking",
            "id": "Tag.id.8",
            "name": "Tag.name.8",
          },
        ],
        "takeOut": Object {
          "__typename": "Point",
          "coordinates": Array [
            21.5,
            22.5,
          ],
          "id": "Point.id.11",
          "kind": "Point.kind.11",
        },
        "updatedAt": 2017-02-04T21:00:00.000Z,
      },
      Object {
        "__typename": "Section",
        "altNames": Array [
          "Section.altNames.9",
          "Section.altNames.10",
        ],
        "demo": false,
        "difficulty": 5.5,
        "difficultyXtra": "Section.difficultyXtra.5",
        "distance": 5.5,
        "drop": 5.5,
        "duration": 5,
        "flows": Object {
          "__typename": "GaugeBinding",
          "approximate": true,
          "impossible": 10.5,
          "maximum": 10.5,
          "minimum": 10.5,
          "optimum": 10.5,
        },
        "flowsText": "Section.flowsText.5",
        "gauge": Object {
          "__typename": "Gauge",
          "code": "Gauge.code.5",
          "flowUnit": "Gauge.flowUnit.5",
          "id": "Gauge.id.5",
          "lastMeasurement": Object {
            "__typename": "Measurement",
            "flow": 5.5,
            "level": 5.5,
            "timestamp": 2017-02-05T21:00:00.000Z,
          },
          "levelUnit": "Gauge.levelUnit.5",
          "location": Object {
            "__typename": "Point",
            "coordinates": Array [
              29.5,
              30.5,
            ],
            "id": "Point.id.15",
            "kind": "Point.kind.15",
          },
          "name": "Gauge.name.5",
          "source": Object {
            "__typename": "Source",
            "id": "Source.id.5",
            "name": "Source.name.5",
            "termsOfUse": "Source.termsOfUse.5",
          },
          "url": "Gauge.url.5",
        },
        "hidden": false,
        "id": "Section.id.5",
        "levels": Object {
          "__typename": "GaugeBinding",
          "approximate": false,
          "impossible": 9.5,
          "maximum": 9.5,
          "minimum": 9.5,
          "optimum": 9.5,
        },
        "name": "Section.name.5",
        "putIn": Object {
          "__typename": "Point",
          "coordinates": Array [
            25.5,
            26.5,
          ],
          "id": "Point.id.13",
          "kind": "Point.kind.13",
        },
        "rating": 5.5,
        "river": Object {
          "__typename": "River",
          "altNames": Array [
            "River.altNames.9",
            "River.altNames.10",
          ],
          "id": "River.id.5",
          "name": "River.name.5",
        },
        "season": "Section.season.5",
        "seasonNumeric": Array [
          9,
          10,
        ],
        "shape": Array [
          Array [
            17.5,
            18.5,
          ],
          Array [
            19.5,
            20.5,
          ],
        ],
        "tags": Array [
          Object {
            "__typename": "Tag",
            "category": "hazards",
            "id": "Tag.id.9",
            "name": "Tag.name.9",
          },
          Object {
            "__typename": "Tag",
            "category": "supply",
            "id": "Tag.id.10",
            "name": "Tag.name.10",
          },
        ],
        "takeOut": Object {
          "__typename": "Point",
          "coordinates": Array [
            27.5,
            28.5,
          ],
          "id": "Point.id.14",
          "kind": "Point.kind.14",
        },
        "updatedAt": 2017-02-05T21:00:00.000Z,
      },
    ],
  },
}
`;
