// Jest Snapshot v1, https://goo.gl/fbAQLP

exports[`should return media 1`] = `
Object {
  "data": Object {
    "mediaBySection": Object {
      "count": 4,
      "nodes": Array [
        Object {
          "copyright": "Blog copyright",
          "description": "Blog description",
          "id": "a326622c-1ee5-11e8-b467-0ed5f89f718b",
          "kind": "blog",
          "language": "en",
          "resolution": null,
          "url": "http://some.blog",
          "weight": 0,
        },
        Object {
          "copyright": "Photo 2 copyright",
          "description": "Photo 2 description",
          "id": "d0d234de-1ee6-11e8-b467-0ed5f89f718b",
          "kind": "photo",
          "language": "en",
          "resolution": Array [
            1024,
            768,
          ],
          "url": "http://localhost:6001/uploads/media/d0d234de-1ee6-11e8-b467-0ed5f89f718b",
          "weight": 0,
        },
        Object {
          "copyright": "Video copyright",
          "description": "Video description",
          "id": "a3266920-1ee5-11e8-b467-0ed5f89f718b",
          "kind": "video",
          "language": "en",
          "resolution": Array [
            1920,
            1080,
          ],
          "url": "http://some.video",
          "weight": 0,
        },
        Object {
          "copyright": "Photo 1 copyright",
          "description": "Photo 1 description",
          "id": "a32664ca-1ee5-11e8-b467-0ed5f89f718b",
          "kind": "photo",
          "language": "en",
          "resolution": Array [
            800,
            600,
          ],
          "url": "http://localhost:6001/uploads/media/a32664ca-1ee5-11e8-b467-0ed5f89f718b",
          "weight": 1,
        },
      ],
    },
  },
}
`;
